SQL> SPOOL
currently spooling to P4_DEF.lst
SQL> SELECT CD, D
  2  FROM DEPARTAMENTO;

        CD D                                                                                                                                                                                                                                                                                                                                                                                                                                                                                                                                                                                                                                                                                                                                                                                                                                                                                                                                                                                                                            
---------- ------------------------------------------------------------                                                                                                                                                                                                                                                                                                                                                                                                                                                                                                                                                                                                                                                                                                                                                                                                                                                                                                                                                                 
         1 ANALISIS MATEMATICO                                                                                                                                                                                                                                                                                                                                                                                                                                                                                                                                                                                                                                                                                                                                                                                                                                                                                                                                                                                                          
         2 ASTROFISICA                                                                                                                                                                                                                                                                                                                                                                                                                                                                                                                                                                                                                                                                                                                                                                                                                                                                                                                                                                                                                  
         3 ESTADISTICA,INVESTIGACION OPERATIVA Y COMPUTACION                                                                                                                                                                                                                                                                                                                                                                                                                                                                                                                                                                                                                                                                                                                                                                                                                                                                                                                                                                            
         4 MATEMATICA FUNDAMENTAL                                                                                                                                                                                                                                                                                                                                                                                                                                                                                                                                                                                                                                                                                                                                                                                                                                                                                                                                                                                                       

SQL> SELECT *
  2  FROM AREA;

       CAR AR                                                                   CD                                                                                                                                                                                                                                                                                                                                                                                                                                                                                                                                                                                                                                                                                                                                                                                                                                                                                                                                                      
---------- ------------------------------------------------------------ ----------                                                                                                                                                                                                                                                                                                                                                                                                                                                                                                                                                                                                                                                                                                                                                                                                                                                                                                                                                      
         1 ALGEBRA                                                               4                                                                                                                                                                                                                                                                                                                                                                                                                                                                                                                                                                                                                                                                                                                                                                                                                                                                                                                                                      
         2 ANALISIS MATEMATICO                                                   1                                                                                                                                                                                                                                                                                                                                                                                                                                                                                                                                                                                                                                                                                                                                                                                                                                                                                                                                                      
         3 ASTRONOMIA Y ASTROFISICA                                              2                                                                                                                                                                                                                                                                                                                                                                                                                                                                                                                                                                                                                                                                                                                                                                                                                                                                                                                                                      
         4 CIENCIAS DE LA COMPUTACION E INTELIGENCIA ARTIFICAL                   3                                                                                                                                                                                                                                                                                                                                                                                                                                                                                                                                                                                                                                                                                                                                                                                                                                                                                                                                                      
         5 DIDACTICA DE LA MATEMATICA                                            1                                                                                                                                                                                                                                                                                                                                                                                                                                                                                                                                                                                                                                                                                                                                                                                                                                                                                                                                                      
         6 ESTADISTICA E INVESTIGACION OPERATIVA                                 3                                                                                                                                                                                                                                                                                                                                                                                                                                                                                                                                                                                                                                                                                                                                                                                                                                                                                                                                                      
         7 LENGUAJES Y SISTEMAS INFORMATICOS                                     3                                                                                                                                                                                                                                                                                                                                                                                                                                                                                                                                                                                                                                                                                                                                                                                                                                                                                                                                                      
         8 MATEMATICA APLICADA                                                   1                                                                                                                                                                                                                                                                                                                                                                                                                                                                                                                                                                                                                                                                                                                                                                                                                                                                                                                                                      

8 rows selected.

SQL> SELECT DNI
  2  FROM PROFESOR;

       DNI                                                                                                                                                                                                                                                                                                                                                                                                                                                                                                                                                                                                                                                                                                                                                                                                                                                                                                                                                                                                                              
----------                                                                                                                                                                                                                                                                                                                                                                                                                                                                                                                                                                                                                                                                                                                                                                                                                                                                                                                                                                                                                              
      1010                                                                                                                                                                                                                                                                                                                                                                                                                                                                                                                                                                                                                                                                                                                                                                                                                                                                                                                                                                                                                              
      1111                                                                                                                                                                                                                                                                                                                                                                                                                                                                                                                                                                                                                                                                                                                                                                                                                                                                                                                                                                                                                              
      2020                                                                                                                                                                                                                                                                                                                                                                                                                                                                                                                                                                                                                                                                                                                                                                                                                                                                                                                                                                                                                              
      2222                                                                                                                                                                                                                                                                                                                                                                                                                                                                                                                                                                                                                                                                                                                                                                                                                                                                                                                                                                                                                              
      3030                                                                                                                                                                                                                                                                                                                                                                                                                                                                                                                                                                                                                                                                                                                                                                                                                                                                                                                                                                                                                              
      3333                                                                                                                                                                                                                                                                                                                                                                                                                                                                                                                                                                                                                                                                                                                                                                                                                                                                                                                                                                                                                              
      4444                                                                                                                                                                                                                                                                                                                                                                                                                                                                                                                                                                                                                                                                                                                                                                                                                                                                                                                                                                                                                              
      5555                                                                                                                                                                                                                                                                                                                                                                                                                                                                                                                                                                                                                                                                                                                                                                                                                                                                                                                                                                                                                              
      6666                                                                                                                                                                                                                                                                                                                                                                                                                                                                                                                                                                                                                                                                                                                                                                                                                                                                                                                                                                                                                              
      7777                                                                                                                                                                                                                                                                                                                                                                                                                                                                                                                                                                                                                                                                                                                                                                                                                                                                                                                                                                                                                              
      8888                                                                                                                                                                                                                                                                                                                                                                                                                                                                                                                                                                                                                                                                                                                                                                                                                                                                                                                                                                                                                              
      9999                                                                                                                                                                                                                                                                                                                                                                                                                                                                                                                                                                                                                                                                                                                                                                                                                                                                                                                                                                                                                              

12 rows selected.

SQL> SELECT *
  2  FROM PROFESOR;

       DNI P                                                                   CAR CAT                                                                                                                                                                                                                                                                                                                                                                                                                                                                                                                                                                                                                                                                                                                                                                                                                                                                                                                                                  
---------- ------------------------------------------------------------ ---------- -----                                                                                                                                                                                                                                                                                                                                                                                                                                                                                                                                                                                                                                                                                                                                                                                                                                                                                                                                                
      1111 JUAN                                                                  6 CU                                                                                                                                                                                                                                                                                                                                                                                                                                                                                                                                                                                                                                                                                                                                                                                                                                                                                                                                                   
      2222 CARLOS                                                                7 TU                                                                                                                                                                                                                                                                                                                                                                                                                                                                                                                                                                                                                                                                                                                                                                                                                                                                                                                                                   
      3333 PEDRO                                                                 4 TEU                                                                                                                                                                                                                                                                                                                                                                                                                                                                                                                                                                                                                                                                                                                                                                                                                                                                                                                                                  
      4444 MARIA                                                                 7 TU                                                                                                                                                                                                                                                                                                                                                                                                                                                                                                                                                                                                                                                                                                                                                                                                                                                                                                                                                   
      5555 IVAN                                                                  1 CEU                                                                                                                                                                                                                                                                                                                                                                                                                                                                                                                                                                                                                                                                                                                                                                                                                                                                                                                                                  
      6666 CAMEN                                                                 3 CD                                                                                                                                                                                                                                                                                                                                                                                                                                                                                                                                                                                                                                                                                                                                                                                                                                                                                                                                                   
      7777 MARIO                                                                 2 TU                                                                                                                                                                                                                                                                                                                                                                                                                                                                                                                                                                                                                                                                                                                                                                                                                                                                                                                                                   
      8888 FRANCISCO                                                             5 TU                                                                                                                                                                                                                                                                                                                                                                                                                                                                                                                                                                                                                                                                                                                                                                                                                                                                                                                                                   
      9999 ANGELA                                                                8 TEU                                                                                                                                                                                                                                                                                                                                                                                                                                                                                                                                                                                                                                                                                                                                                                                                                                                                                                                                                  
      1010 DAVID                                                                 4 TU                                                                                                                                                                                                                                                                                                                                                                                                                                                                                                                                                                                                                                                                                                                                                                                                                                                                                                                                                   
      2020 SOLEDAD                                                               7 CU                                                                                                                                                                                                                                                                                                                                                                                                                                                                                                                                                                                                                                                                                                                                                                                                                                                                                                                                                   
      3030 JOSE MANUEL                                                           6 TEU                                                                                                                                                                                                                                                                                                                                                                                                                                                                                                                                                                                                                                                                                                                                                                                                                                                                                                                                                  

12 rows selected.

SQL> SELECT P, DNI, CAT, CAR
  2  FROM PROFESOR;

P                                                                   DNI CAT          CAR                                                                                                                                                                                                                                                                                                                                                                                                                                                                                                                                                                                                                                                                                                                                                                                                                                                                                                                                                
------------------------------------------------------------ ---------- ----- ----------                                                                                                                                                                                                                                                                                                                                                                                                                                                                                                                                                                                                                                                                                                                                                                                                                                                                                                                                                
JUAN                                                               1111 CU             6                                                                                                                                                                                                                                                                                                                                                                                                                                                                                                                                                                                                                                                                                                                                                                                                                                                                                                                                                
CARLOS                                                             2222 TU             7                                                                                                                                                                                                                                                                                                                                                                                                                                                                                                                                                                                                                                                                                                                                                                                                                                                                                                                                                
PEDRO                                                              3333 TEU            4                                                                                                                                                                                                                                                                                                                                                                                                                                                                                                                                                                                                                                                                                                                                                                                                                                                                                                                                                
MARIA                                                              4444 TU             7                                                                                                                                                                                                                                                                                                                                                                                                                                                                                                                                                                                                                                                                                                                                                                                                                                                                                                                                                
IVAN                                                               5555 CEU            1                                                                                                                                                                                                                                                                                                                                                                                                                                                                                                                                                                                                                                                                                                                                                                                                                                                                                                                                                
CAMEN                                                              6666 CD             3                                                                                                                                                                                                                                                                                                                                                                                                                                                                                                                                                                                                                                                                                                                                                                                                                                                                                                                                                
MARIO                                                              7777 TU             2                                                                                                                                                                                                                                                                                                                                                                                                                                                                                                                                                                                                                                                                                                                                                                                                                                                                                                                                                
FRANCISCO                                                          8888 TU             5                                                                                                                                                                                                                                                                                                                                                                                                                                                                                                                                                                                                                                                                                                                                                                                                                                                                                                                                                
ANGELA                                                             9999 TEU            8                                                                                                                                                                                                                                                                                                                                                                                                                                                                                                                                                                                                                                                                                                                                                                                                                                                                                                                                                
DAVID                                                              1010 TU             4                                                                                                                                                                                                                                                                                                                                                                                                                                                                                                                                                                                                                                                                                                                                                                                                                                                                                                                                                
SOLEDAD                                                            2020 CU             7                                                                                                                                                                                                                                                                                                                                                                                                                                                                                                                                                                                                                                                                                                                                                                                                                                                                                                                                                
JOSE MANUEL                                                        3030 TEU            6                                                                                                                                                                                                                                                                                                                                                                                                                                                                                                                                                                                                                                                                                                                                                                                                                                                                                                                                                

12 rows selected.

SQL> SELECT P(NOMBRE), DNI(IDENTIFICACION), CAT(CATEGORIA), CAR(AREA)
  2  FROM PROFESOR;
SELECT P(NOMBRE), DNI(IDENTIFICACION), CAT(CATEGORIA), CAR(AREA)
                                                       *
ERROR at line 1:
ORA-00904: "CAR": invalid identifier 


SQL> SELECT P(NOMBRE), DNI(IDENTIFICACION), CAT(CATEGORIA), CAR(AREA)
  2  FROM PROFESOR;
SELECT P(NOMBRE), DNI(IDENTIFICACION), CAT(CATEGORIA), CAR(AREA)
                                                       *
ERROR at line 1:
ORA-00904: "CAR": invalid identifier 


SQL> SELECT * FROM PROFESOR;

       DNI P                                                                   CAR CAT                                                                                                                                                                                                                                                                                                                                                                                                                                                                                                                                                                                                                                                                                                                                                                                                                                                                                                                                                  
---------- ------------------------------------------------------------ ---------- -----                                                                                                                                                                                                                                                                                                                                                                                                                                                                                                                                                                                                                                                                                                                                                                                                                                                                                                                                                
      1111 JUAN                                                                  6 CU                                                                                                                                                                                                                                                                                                                                                                                                                                                                                                                                                                                                                                                                                                                                                                                                                                                                                                                                                   
      2222 CARLOS                                                                7 TU                                                                                                                                                                                                                                                                                                                                                                                                                                                                                                                                                                                                                                                                                                                                                                                                                                                                                                                                                   
      3333 PEDRO                                                                 4 TEU                                                                                                                                                                                                                                                                                                                                                                                                                                                                                                                                                                                                                                                                                                                                                                                                                                                                                                                                                  
      4444 MARIA                                                                 7 TU                                                                                                                                                                                                                                                                                                                                                                                                                                                                                                                                                                                                                                                                                                                                                                                                                                                                                                                                                   
      5555 IVAN                                                                  1 CEU                                                                                                                                                                                                                                                                                                                                                                                                                                                                                                                                                                                                                                                                                                                                                                                                                                                                                                                                                  
      6666 CAMEN                                                                 3 CD                                                                                                                                                                                                                                                                                                                                                                                                                                                                                                                                                                                                                                                                                                                                                                                                                                                                                                                                                   
      7777 MARIO                                                                 2 TU                                                                                                                                                                                                                                                                                                                                                                                                                                                                                                                                                                                                                                                                                                                                                                                                                                                                                                                                                   
      8888 FRANCISCO                                                             5 TU                                                                                                                                                                                                                                                                                                                                                                                                                                                                                                                                                                                                                                                                                                                                                                                                                                                                                                                                                   
      9999 ANGELA                                                                8 TEU                                                                                                                                                                                                                                                                                                                                                                                                                                                                                                                                                                                                                                                                                                                                                                                                                                                                                                                                                  
      1010 DAVID                                                                 4 TU                                                                                                                                                                                                                                                                                                                                                                                                                                                                                                                                                                                                                                                                                                                                                                                                                                                                                                                                                   
      2020 SOLEDAD                                                               7 CU                                                                                                                                                                                                                                                                                                                                                                                                                                                                                                                                                                                                                                                                                                                                                                                                                                                                                                                                                   
      3030 JOSE MANUEL                                                           6 TEU                                                                                                                                                                                                                                                                                                                                                                                                                                                                                                                                                                                                                                                                                                                                                                                                                                                                                                                                                  

12 rows selected.

SQL> SELECT CAR(AREA) FROM PROFESOR;
SELECT CAR(AREA) FROM PROFESOR
       *
ERROR at line 1:
ORA-00904: "CAR": invalid identifier 


SQL> SELECT CAR FROM PROFESOR;

       CAR                                                                                                                                                                                                                                                                                                                                                                                                                                                                                                                                                                                                                                                                                                                                                                                                                                                                                                                                                                                                                              
----------                                                                                                                                                                                                                                                                                                                                                                                                                                                                                                                                                                                                                                                                                                                                                                                                                                                                                                                                                                                                                              
         6                                                                                                                                                                                                                                                                                                                                                                                                                                                                                                                                                                                                                                                                                                                                                                                                                                                                                                                                                                                                                              
         7                                                                                                                                                                                                                                                                                                                                                                                                                                                                                                                                                                                                                                                                                                                                                                                                                                                                                                                                                                                                                              
         4                                                                                                                                                                                                                                                                                                                                                                                                                                                                                                                                                                                                                                                                                                                                                                                                                                                                                                                                                                                                                              
         7                                                                                                                                                                                                                                                                                                                                                                                                                                                                                                                                                                                                                                                                                                                                                                                                                                                                                                                                                                                                                              
         1                                                                                                                                                                                                                                                                                                                                                                                                                                                                                                                                                                                                                                                                                                                                                                                                                                                                                                                                                                                                                              
         3                                                                                                                                                                                                                                                                                                                                                                                                                                                                                                                                                                                                                                                                                                                                                                                                                                                                                                                                                                                                                              
         2                                                                                                                                                                                                                                                                                                                                                                                                                                                                                                                                                                                                                                                                                                                                                                                                                                                                                                                                                                                                                              
         5                                                                                                                                                                                                                                                                                                                                                                                                                                                                                                                                                                                                                                                                                                                                                                                                                                                                                                                                                                                                                              
         8                                                                                                                                                                                                                                                                                                                                                                                                                                                                                                                                                                                                                                                                                                                                                                                                                                                                                                                                                                                                                              
         4                                                                                                                                                                                                                                                                                                                                                                                                                                                                                                                                                                                                                                                                                                                                                                                                                                                                                                                                                                                                                              
         7                                                                                                                                                                                                                                                                                                                                                                                                                                                                                                                                                                                                                                                                                                                                                                                                                                                                                                                                                                                                                              
         6                                                                                                                                                                                                                                                                                                                                                                                                                                                                                                                                                                                                                                                                                                                                                                                                                                                                                                                                                                                                                              

12 rows selected.

SQL> SELECT CAR(AREA_CONOCIMIENTO) FROM PROFESOR;
SELECT CAR(AREA_CONOCIMIENTO) FROM PROFESOR
       *
ERROR at line 1:
ORA-00904: "CAR": invalid identifier 


SQL> SELECT CAR AS AREA DE CONOCIMIENTO
  2  FROM PROFESOR;
SELECT CAR AS AREA DE CONOCIMIENTO
                   *
ERROR at line 1:
ORA-00923: FROM keyword not found where expected 


SQL> SELECT P AS NOMBRE, DNI AS IDENTIFICACION, CAT AS TITULACION, CAR AS AREA
  2  FROM PROFESOR;

NOMBRE                                                       IDENTIFICACION TITUL       AREA                                                                                                                                                                                                                                                                                                                                                                                                                                                                                                                                                                                                                                                                                                                                                                                                                                                                                                                                            
------------------------------------------------------------ -------------- ----- ----------                                                                                                                                                                                                                                                                                                                                                                                                                                                                                                                                                                                                                                                                                                                                                                                                                                                                                                                                            
JUAN                                                                   1111 CU             6                                                                                                                                                                                                                                                                                                                                                                                                                                                                                                                                                                                                                                                                                                                                                                                                                                                                                                                                            
CARLOS                                                                 2222 TU             7                                                                                                                                                                                                                                                                                                                                                                                                                                                                                                                                                                                                                                                                                                                                                                                                                                                                                                                                            
PEDRO                                                                  3333 TEU            4                                                                                                                                                                                                                                                                                                                                                                                                                                                                                                                                                                                                                                                                                                                                                                                                                                                                                                                                            
MARIA                                                                  4444 TU             7                                                                                                                                                                                                                                                                                                                                                                                                                                                                                                                                                                                                                                                                                                                                                                                                                                                                                                                                            
IVAN                                                                   5555 CEU            1                                                                                                                                                                                                                                                                                                                                                                                                                                                                                                                                                                                                                                                                                                                                                                                                                                                                                                                                            
CAMEN                                                                  6666 CD             3                                                                                                                                                                                                                                                                                                                                                                                                                                                                                                                                                                                                                                                                                                                                                                                                                                                                                                                                            
MARIO                                                                  7777 TU             2                                                                                                                                                                                                                                                                                                                                                                                                                                                                                                                                                                                                                                                                                                                                                                                                                                                                                                                                            
FRANCISCO                                                              8888 TU             5                                                                                                                                                                                                                                                                                                                                                                                                                                                                                                                                                                                                                                                                                                                                                                                                                                                                                                                                            
ANGELA                                                                 9999 TEU            8                                                                                                                                                                                                                                                                                                                                                                                                                                                                                                                                                                                                                                                                                                                                                                                                                                                                                                                                            
DAVID                                                                  1010 TU             4                                                                                                                                                                                                                                                                                                                                                                                                                                                                                                                                                                                                                                                                                                                                                                                                                                                                                                                                            
SOLEDAD                                                                2020 CU             7                                                                                                                                                                                                                                                                                                                                                                                                                                                                                                                                                                                                                                                                                                                                                                                                                                                                                                                                            
JOSE MANUEL                                                            3030 TEU            6                                                                                                                                                                                                                                                                                                                                                                                                                                                                                                                                                                                                                                                                                                                                                                                                                                                                                                                                            

12 rows selected.

SQL> SELECT *
  2  FROM ASIGNATURA;

       CAS A                                                  T           CUR        CAR         CT         CP         CL                                                                                                                                                                                                                                                                                                                                                                                                                                                                                                                                                                                                                                                                                                                                                                                                                                                                                                               
---------- -------------------------------------------------- ---- ---------- ---------- ---------- ---------- ----------                                                                                                                                                                                                                                                                                                                                                                                                                                                                                                                                                                                                                                                                                                                                                                                                                                                                                                               
         1 BASES DE DATOS                                     GIT           3          7          3        1.5        1.5                                                                                                                                                                                                                                                                                                                                                                                                                                                                                                                                                                                                                                                                                                                                                                                                                                                                                                               
         2 INTELIGENCIA ARTIFICIAL                            GII           3          4        1.5        1.5          3                                                                                                                                                                                                                                                                                                                                                                                                                                                                                                                                                                                                                                                                                                                                                                                                                                                                                                               
         3 ALMACENES DE DATOS                                 MII           3          4        1.5        1.5          3                                                                                                                                                                                                                                                                                                                                                                                                                                                                                                                                                                                                                                                                                                                                                                                                                                                                                                               
         4 MINERIA DE DATOS                                   MII           1          7        1.5          0        1.5                                                                                                                                                                                                                                                                                                                                                                                                                                                                                                                                                                                                                                                                                                                                                                                                                                                                                                               
         5 INFORMATICA BASICA                                 GII           1          7          3        1.5        1.5                                                                                                                                                                                                                                                                                                                                                                                                                                                                                                                                                                                                                                                                                                                                                                                                                                                                                                               
         6 ALGEBRA                                            GII           1          1          3          3          0                                                                                                                                                                                                                                                                                                                                                                                                                                                                                                                                                                                                                                                                                                                                                                                                                                                                                                               
         7 CALCULO                                            GII           1          8          3          3          0                                                                                                                                                                                                                                                                                                                                                                                                                                                                                                                                                                                                                                                                                                                                                                                                                                                                                                               
         8 OPTMIZACION                                        GII           1          6          3        1.5        1.5                                                                                                                                                                                                                                                                                                                                                                                                                                                                                                                                                                                                                                                                                                                                                                                                                                                                                                               
         9 GESTION DE RIESGOS                                 GII           3          4          3          0          3                                                                                                                                                                                                                                                                                                                                                                                                                                                                                                                                                                                                                                                                                                                                                                                                                                                                                                               
        10 ASTRONOMIA                                         GF            2          3          3        1.5        1.5                                                                                                                                                                                                                                                                                                                                                                                                                                                                                                                                                                                                                                                                                                                                                                                                                                                                                                               
        11 ENSENANZA DE LA MATEMATICA                         GM            2          5          6          0          0                                                                                                                                                                                                                                                                                                                                                                                                                                                                                                                                                                                                                                                                                                                                                                                                                                                                                                               
        12 ANALISIS COMPLEJO                                  GM            4          2        4.5          3          0                                                                                                                                                                                                                                                                                                                                                                                                                                                                                                                                                                                                                                                                                                                                                                                                                                                                                                               

12 rows selected.

SQL> SET PAGESIZE 200
SQL> SELECT *
  2  FROM ASIGNATURA;

       CAS A                                                  T           CUR        CAR         CT         CP         CL                                                                                                                                                                                                                                                                                                                                                                                                                                                                                                                                                                                                                                                                                                                                                                                                                                                                                                               
---------- -------------------------------------------------- ---- ---------- ---------- ---------- ---------- ----------                                                                                                                                                                                                                                                                                                                                                                                                                                                                                                                                                                                                                                                                                                                                                                                                                                                                                                               
         1 BASES DE DATOS                                     GIT           3          7          3        1.5        1.5                                                                                                                                                                                                                                                                                                                                                                                                                                                                                                                                                                                                                                                                                                                                                                                                                                                                                                               
         2 INTELIGENCIA ARTIFICIAL                            GII           3          4        1.5        1.5          3                                                                                                                                                                                                                                                                                                                                                                                                                                                                                                                                                                                                                                                                                                                                                                                                                                                                                                               
         3 ALMACENES DE DATOS                                 MII           3          4        1.5        1.5          3                                                                                                                                                                                                                                                                                                                                                                                                                                                                                                                                                                                                                                                                                                                                                                                                                                                                                                               
         4 MINERIA DE DATOS                                   MII           1          7        1.5          0        1.5                                                                                                                                                                                                                                                                                                                                                                                                                                                                                                                                                                                                                                                                                                                                                                                                                                                                                                               
         5 INFORMATICA BASICA                                 GII           1          7          3        1.5        1.5                                                                                                                                                                                                                                                                                                                                                                                                                                                                                                                                                                                                                                                                                                                                                                                                                                                                                                               
         6 ALGEBRA                                            GII           1          1          3          3          0                                                                                                                                                                                                                                                                                                                                                                                                                                                                                                                                                                                                                                                                                                                                                                                                                                                                                                               
         7 CALCULO                                            GII           1          8          3          3          0                                                                                                                                                                                                                                                                                                                                                                                                                                                                                                                                                                                                                                                                                                                                                                                                                                                                                                               
         8 OPTMIZACION                                        GII           1          6          3        1.5        1.5                                                                                                                                                                                                                                                                                                                                                                                                                                                                                                                                                                                                                                                                                                                                                                                                                                                                                                               
         9 GESTION DE RIESGOS                                 GII           3          4          3          0          3                                                                                                                                                                                                                                                                                                                                                                                                                                                                                                                                                                                                                                                                                                                                                                                                                                                                                                               
        10 ASTRONOMIA                                         GF            2          3          3        1.5        1.5                                                                                                                                                                                                                                                                                                                                                                                                                                                                                                                                                                                                                                                                                                                                                                                                                                                                                                               
        11 ENSENANZA DE LA MATEMATICA                         GM            2          5          6          0          0                                                                                                                                                                                                                                                                                                                                                                                                                                                                                                                                                                                                                                                                                                                                                                                                                                                                                                               
        12 ANALISIS COMPLEJO                                  GM            4          2        4.5          3          0                                                                                                                                                                                                                                                                                                                                                                                                                                                                                                                                                                                                                                                                                                                                                                                                                                                                                                               

12 rows selected.

SQL> SET LINESIZE 200
SQL> SELECT *
  2  FROM ASIGNATURA;

       CAS A                                                  T           CUR        CAR         CT         CP         CL                                                                               
---------- -------------------------------------------------- ---- ---------- ---------- ---------- ---------- ----------                                                                               
         1 BASES DE DATOS                                     GIT           3          7          3        1.5        1.5                                                                               
         2 INTELIGENCIA ARTIFICIAL                            GII           3          4        1.5        1.5          3                                                                               
         3 ALMACENES DE DATOS                                 MII           3          4        1.5        1.5          3                                                                               
         4 MINERIA DE DATOS                                   MII           1          7        1.5          0        1.5                                                                               
         5 INFORMATICA BASICA                                 GII           1          7          3        1.5        1.5                                                                               
         6 ALGEBRA                                            GII           1          1          3          3          0                                                                               
         7 CALCULO                                            GII           1          8          3          3          0                                                                               
         8 OPTMIZACION                                        GII           1          6          3        1.5        1.5                                                                               
         9 GESTION DE RIESGOS                                 GII           3          4          3          0          3                                                                               
        10 ASTRONOMIA                                         GF            2          3          3        1.5        1.5                                                                               
        11 ENSENANZA DE LA MATEMATICA                         GM            2          5          6          0          0                                                                               
        12 ANALISIS COMPLEJO                                  GM            4          2        4.5          3          0                                                                               

12 rows selected.

SQL> SET LINESIZE 250
SQL> SELECT *
  2  FROM ASIGNATURA;

       CAS A                                                  T           CUR        CAR         CT         CP         CL                                                                                                                                 
---------- -------------------------------------------------- ---- ---------- ---------- ---------- ---------- ----------                                                                                                                                 
         1 BASES DE DATOS                                     GIT           3          7          3        1.5        1.5                                                                                                                                 
         2 INTELIGENCIA ARTIFICIAL                            GII           3          4        1.5        1.5          3                                                                                                                                 
         3 ALMACENES DE DATOS                                 MII           3          4        1.5        1.5          3                                                                                                                                 
         4 MINERIA DE DATOS                                   MII           1          7        1.5          0        1.5                                                                                                                                 
         5 INFORMATICA BASICA                                 GII           1          7          3        1.5        1.5                                                                                                                                 
         6 ALGEBRA                                            GII           1          1          3          3          0                                                                                                                                 
         7 CALCULO                                            GII           1          8          3          3          0                                                                                                                                 
         8 OPTMIZACION                                        GII           1          6          3        1.5        1.5                                                                                                                                 
         9 GESTION DE RIESGOS                                 GII           3          4          3          0          3                                                                                                                                 
        10 ASTRONOMIA                                         GF            2          3          3        1.5        1.5                                                                                                                                 
        11 ENSENANZA DE LA MATEMATICA                         GM            2          5          6          0          0                                                                                                                                 
        12 ANALISIS COMPLEJO                                  GM            4          2        4.5          3          0                                                                                                                                 

12 rows selected.

SQL> SET LINESIZE 300
SQL> SELECT *
  2  FROM ASIGNATURA;

       CAS A                                                  T           CUR        CAR         CT         CP         CL                                                                                                                                                                                   
---------- -------------------------------------------------- ---- ---------- ---------- ---------- ---------- ----------                                                                                                                                                                                   
         1 BASES DE DATOS                                     GIT           3          7          3        1.5        1.5                                                                                                                                                                                   
         2 INTELIGENCIA ARTIFICIAL                            GII           3          4        1.5        1.5          3                                                                                                                                                                                   
         3 ALMACENES DE DATOS                                 MII           3          4        1.5        1.5          3                                                                                                                                                                                   
         4 MINERIA DE DATOS                                   MII           1          7        1.5          0        1.5                                                                                                                                                                                   
         5 INFORMATICA BASICA                                 GII           1          7          3        1.5        1.5                                                                                                                                                                                   
         6 ALGEBRA                                            GII           1          1          3          3          0                                                                                                                                                                                   
         7 CALCULO                                            GII           1          8          3          3          0                                                                                                                                                                                   
         8 OPTMIZACION                                        GII           1          6          3        1.5        1.5                                                                                                                                                                                   
         9 GESTION DE RIESGOS                                 GII           3          4          3          0          3                                                                                                                                                                                   
        10 ASTRONOMIA                                         GF            2          3          3        1.5        1.5                                                                                                                                                                                   
        11 ENSENANZA DE LA MATEMATICA                         GM            2          5          6          0          0                                                                                                                                                                                   
        12 ANALISIS COMPLEJO                                  GM            4          2        4.5          3          0                                                                                                                                                                                   

12 rows selected.

SQL> SELECT *
  2  FROM ASIGNATURA
  3  WHE
  4  ;

       CAS A                                                  T           CUR        CAR         CT         CP         CL                                                                                                                                                                                   
---------- -------------------------------------------------- ---- ---------- ---------- ---------- ---------- ----------                                                                                                                                                                                   
         1 BASES DE DATOS                                     GIT           3          7          3        1.5        1.5                                                                                                                                                                                   
         2 INTELIGENCIA ARTIFICIAL                            GII           3          4        1.5        1.5          3                                                                                                                                                                                   
         3 ALMACENES DE DATOS                                 MII           3          4        1.5        1.5          3                                                                                                                                                                                   
         4 MINERIA DE DATOS                                   MII           1          7        1.5          0        1.5                                                                                                                                                                                   
         5 INFORMATICA BASICA                                 GII           1          7          3        1.5        1.5                                                                                                                                                                                   
         6 ALGEBRA                                            GII           1          1          3          3          0                                                                                                                                                                                   
         7 CALCULO                                            GII           1          8          3          3          0                                                                                                                                                                                   
         8 OPTMIZACION                                        GII           1          6          3        1.5        1.5                                                                                                                                                                                   
         9 GESTION DE RIESGOS                                 GII           3          4          3          0          3                                                                                                                                                                                   
        10 ASTRONOMIA                                         GF            2          3          3        1.5        1.5                                                                                                                                                                                   
        11 ENSENANZA DE LA MATEMATICA                         GM            2          5          6          0          0                                                                                                                                                                                   
        12 ANALISIS COMPLEJO                                  GM            4          2        4.5          3          0                                                                                                                                                                                   

12 rows selected.

SQL> UPDATE ASIGNATURA
  2  SET "GII"
  3  WHERE T = "GIT";
WHERE T = "GIT"
*
ERROR at line 3:
ORA-00927: missing equal sign 


SQL> UPDATE ASIGNATURA
  2  SET T = "GII"
  3  WHERE T = "GIT";
WHERE T = "GIT"
          *
ERROR at line 3:
ORA-00904: "GIT": invalid identifier 


SQL> SELECT T
  2  FROM ASIGNATURA;

T                                                                                                                                                                                                                                                                                                           
----                                                                                                                                                                                                                                                                                                        
GIT                                                                                                                                                                                                                                                                                                         
GII                                                                                                                                                                                                                                                                                                         
MII                                                                                                                                                                                                                                                                                                         
MII                                                                                                                                                                                                                                                                                                         
GII                                                                                                                                                                                                                                                                                                         
GII                                                                                                                                                                                                                                                                                                         
GII                                                                                                                                                                                                                                                                                                         
GII                                                                                                                                                                                                                                                                                                         
GII                                                                                                                                                                                                                                                                                                         
GF                                                                                                                                                                                                                                                                                                          
GM                                                                                                                                                                                                                                                                                                          
GM                                                                                                                                                                                                                                                                                                          

12 rows selected.

SQL> SELECT DNI
  2  FROM ASIGNATURA W
  3  ;
SELECT DNI
       *
ERROR at line 1:
ORA-00904: "DNI": invalid identifier 


SQL> SELECT DNI
  2  FROM ASIGNATURA
  3  WHERE T = "GIT";
WHERE T = "GIT"
          *
ERROR at line 3:
ORA-00904: "GIT": invalid identifier 


SQL> SELECT DNI
  2  FROM ASIGNATURA
  3  WHERE T = "GII";
WHERE T = "GII"
          *
ERROR at line 3:
ORA-00904: "GII": invalid identifier 


SQL> SELECT DNI
  2  FROM ASIGNATURA
  3  WHERE T = GIT;
WHERE T = GIT
          *
ERROR at line 3:
ORA-00904: "GIT": invalid identifier 


SQL> SELECT DNI
  2  FROM ASIGNATURA
  3  WHERE T = 'GIT';
SELECT DNI
       *
ERROR at line 1:
ORA-00904: "DNI": invalid identifier 


SQL> SELECT AR
  2  FROM ASIGNATURA
  3  WHERE T = 'GIT';
SELECT AR
       *
ERROR at line 1:
ORA-00904: "AR": invalid identifier 


SQL> SELECT * FROM ASIGNATURA
  2  ;

       CAS A                                                  T           CUR        CAR         CT         CP         CL                                                                                                                                                                                   
---------- -------------------------------------------------- ---- ---------- ---------- ---------- ---------- ----------                                                                                                                                                                                   
         1 BASES DE DATOS                                     GIT           3          7          3        1.5        1.5                                                                                                                                                                                   
         2 INTELIGENCIA ARTIFICIAL                            GII           3          4        1.5        1.5          3                                                                                                                                                                                   
         3 ALMACENES DE DATOS                                 MII           3          4        1.5        1.5          3                                                                                                                                                                                   
         4 MINERIA DE DATOS                                   MII           1          7        1.5          0        1.5                                                                                                                                                                                   
         5 INFORMATICA BASICA                                 GII           1          7          3        1.5        1.5                                                                                                                                                                                   
         6 ALGEBRA                                            GII           1          1          3          3          0                                                                                                                                                                                   
         7 CALCULO                                            GII           1          8          3          3          0                                                                                                                                                                                   
         8 OPTMIZACION                                        GII           1          6          3        1.5        1.5                                                                                                                                                                                   
         9 GESTION DE RIESGOS                                 GII           3          4          3          0          3                                                                                                                                                                                   
        10 ASTRONOMIA                                         GF            2          3          3        1.5        1.5                                                                                                                                                                                   
        11 ENSENANZA DE LA MATEMATICA                         GM            2          5          6          0          0                                                                                                                                                                                   
        12 ANALISIS COMPLEJO                                  GM            4          2        4.5          3          0                                                                                                                                                                                   

12 rows selected.

SQL> UPDATE ASIGNATURA
  2  SET T= 'GII'
  3  WHERE T = 'GIT';

1 row updated.

SQL> SELECT *
  2  FROM ASIGNATURA
  3  WHERE T = 'GII';

       CAS A                                                  T           CUR        CAR         CT         CP         CL                                                                                                                                                                                   
---------- -------------------------------------------------- ---- ---------- ---------- ---------- ---------- ----------                                                                                                                                                                                   
         1 BASES DE DATOS                                     GII           3          7          3        1.5        1.5                                                                                                                                                                                   
         2 INTELIGENCIA ARTIFICIAL                            GII           3          4        1.5        1.5          3                                                                                                                                                                                   
         5 INFORMATICA BASICA                                 GII           1          7          3        1.5        1.5                                                                                                                                                                                   
         6 ALGEBRA                                            GII           1          1          3          3          0                                                                                                                                                                                   
         7 CALCULO                                            GII           1          8          3          3          0                                                                                                                                                                                   
         8 OPTMIZACION                                        GII           1          6          3        1.5        1.5                                                                                                                                                                                   
         9 GESTION DE RIESGOS                                 GII           3          4          3          0          3                                                                                                                                                                                   

7 rows selected.

SQL> SELECT DNI
  2  FROM PROFESOR
  3  WHERE CAR = 7;

       DNI                                                                                                                                                                                                                                                                                                  
----------                                                                                                                                                                                                                                                                                                  
      2222                                                                                                                                                                                                                                                                                                  
      4444                                                                                                                                                                                                                                                                                                  
      2020                                                                                                                                                                                                                                                                                                  

SQL> SELECT P
  2  FROM PROFESOR
  3  WHERE CAR = 7;

P                                                                                                                                                                                                                                                                                                           
------------------------------------------------------------                                                                                                                                                                                                                                                
CARLOS                                                                                                                                                                                                                                                                                                      
MARIA                                                                                                                                                                                                                                                                                                       
SOLEDAD                                                                                                                                                                                                                                                                                                     

SQL> SELECT DISTINCT P
  2  FROM PROFESOR
  3  WHERE CAR = 7;

P                                                                                                                                                                                                                                                                                                           
------------------------------------------------------------                                                                                                                                                                                                                                                
SOLEDAD                                                                                                                                                                                                                                                                                                     
CARLOS                                                                                                                                                                                                                                                                                                      
MARIA                                                                                                                                                                                                                                                                                                       

SQL> SELECT A
  2  FROM ASIGNATURA
  3  WHERE CAS >= 7;

A                                                                                                                                                                                                                                                                                                           
--------------------------------------------------                                                                                                                                                                                                                                                          
CALCULO                                                                                                                                                                                                                                                                                                     
OPTMIZACION                                                                                                                                                                                                                                                                                                 
GESTION DE RIESGOS                                                                                                                                                                                                                                                                                          
ASTRONOMIA                                                                                                                                                                                                                                                                                                  
ENSENANZA DE LA MATEMATICA                                                                                                                                                                                                                                                                                  
ANALISIS COMPLEJO                                                                                                                                                                                                                                                                                           

6 rows selected.

SQL> SELECT A
  2  FROM ASIGNATURA
  3  WHERE CAS > 7;

A                                                                                                                                                                                                                                                                                                           
--------------------------------------------------                                                                                                                                                                                                                                                          
OPTMIZACION                                                                                                                                                                                                                                                                                                 
GESTION DE RIESGOS                                                                                                                                                                                                                                                                                          
ASTRONOMIA                                                                                                                                                                                                                                                                                                  
ENSENANZA DE LA MATEMATICA                                                                                                                                                                                                                                                                                  
ANALISIS COMPLEJO                                                                                                                                                                                                                                                                                           

SQL> SELECT CAS
  2  FROM ASIGNATURA
  3  WHERE A = 'ALMACENES DE DATOS';

       CAS                                                                                                                                                                                                                                                                                                  
----------                                                                                                                                                                                                                                                                                                  
         3                                                                                                                                                                                                                                                                                                  

SQL> SELECT A
  2  FROM ASIGNATURA
  3  WHERE CAS != 8;

A                                                                                                                                                                                                                                                                                                           
--------------------------------------------------                                                                                                                                                                                                                                                          
BASES DE DATOS                                                                                                                                                                                                                                                                                              
INTELIGENCIA ARTIFICIAL                                                                                                                                                                                                                                                                                     
ALMACENES DE DATOS                                                                                                                                                                                                                                                                                          
MINERIA DE DATOS                                                                                                                                                                                                                                                                                            
INFORMATICA BASICA                                                                                                                                                                                                                                                                                          
ALGEBRA                                                                                                                                                                                                                                                                                                     
CALCULO                                                                                                                                                                                                                                                                                                     
GESTION DE RIESGOS                                                                                                                                                                                                                                                                                          
ASTRONOMIA                                                                                                                                                                                                                                                                                                  
ENSENANZA DE LA MATEMATICA                                                                                                                                                                                                                                                                                  
ANALISIS COMPLEJO                                                                                                                                                                                                                                                                                           

11 rows selected.

SQL> SELECT A, CAS
  2  FROM ASIGNATURA
  3  WHERE CAS != 8;

A                                                         CAS                                                                                                                                                                                                                                               
-------------------------------------------------- ----------                                                                                                                                                                                                                                               
BASES DE DATOS                                              1                                                                                                                                                                                                                                               
INTELIGENCIA ARTIFICIAL                                     2                                                                                                                                                                                                                                               
ALMACENES DE DATOS                                          3                                                                                                                                                                                                                                               
MINERIA DE DATOS                                            4                                                                                                                                                                                                                                               
INFORMATICA BASICA                                          5                                                                                                                                                                                                                                               
ALGEBRA                                                     6                                                                                                                                                                                                                                               
CALCULO                                                     7                                                                                                                                                                                                                                               
GESTION DE RIESGOS                                          9                                                                                                                                                                                                                                               
ASTRONOMIA                                                 10                                                                                                                                                                                                                                               
ENSENANZA DE LA MATEMATICA                                 11                                                                                                                                                                                                                                               
ANALISIS COMPLEJO                                          12                                                                                                                                                                                                                                               

11 rows selected.

SQL> SELECT A, CAS,
  2  FROM;
FROM
*
ERROR at line 2:
ORA-00936: missing expression 


SQL> SELECT A, CAS
  2  FROM ASIGNATURA
  3  WHERE CAS != 8 AND CAS != 11;

A                                                         CAS                                                                                                                                                                                                                                               
-------------------------------------------------- ----------                                                                                                                                                                                                                                               
BASES DE DATOS                                              1                                                                                                                                                                                                                                               
INTELIGENCIA ARTIFICIAL                                     2                                                                                                                                                                                                                                               
ALMACENES DE DATOS                                          3                                                                                                                                                                                                                                               
MINERIA DE DATOS                                            4                                                                                                                                                                                                                                               
INFORMATICA BASICA                                          5                                                                                                                                                                                                                                               
ALGEBRA                                                     6                                                                                                                                                                                                                                               
CALCULO                                                     7                                                                                                                                                                                                                                               
GESTION DE RIESGOS                                          9                                                                                                                                                                                                                                               
ASTRONOMIA                                                 10                                                                                                                                                                                                                                               
ANALISIS COMPLEJO                                          12                                                                                                                                                                                                                                               

10 rows selected.

SQL> SELECT CAS
  2  FROM PLAN_DOCENTE
  3  WHERE DNI = 3333;

       CAS                                                                                                                                                                                                                                                                                                  
----------                                                                                                                                                                                                                                                                                                  
         2                                                                                                                                                                                                                                                                                                  
         9                                                                                                                                                                                                                                                                                                  

SQL> SELECT CD
  2  FROM DEPARTAMENTO
  3  WHERE D = 'ASTROFISICA';

        CD                                                                                                                                                                                                                                                                                                  
----------                                                                                                                                                                                                                                                                                                  
         2                                                                                                                                                                                                                                                                                                  

SQL> SELECT DNI
  2  FROM PLAN_DOCENTE
  3  WHERE FI = '01-SEP-09';

       DNI                                                                                                                                                                                                                                                                                                  
----------                                                                                                                                                                                                                                                                                                  
      1010                                                                                                                                                                                                                                                                                                  
      1111                                                                                                                                                                                                                                                                                                  
      2222                                                                                                                                                                                                                                                                                                  
      3030                                                                                                                                                                                                                                                                                                  
      3333                                                                                                                                                                                                                                                                                                  
      8888                                                                                                                                                                                                                                                                                                  

6 rows selected.

SQL> SELECT DNI
  2  FROM PLAN_DOCENTE
  3  WHERE FI < '01-JAN-09';

       DNI                                                                                                                                                                                                                                                                                                  
----------                                                                                                                                                                                                                                                                                                  
      1010                                                                                                                                                                                                                                                                                                  
      1010                                                                                                                                                                                                                                                                                                  
      1111                                                                                                                                                                                                                                                                                                  
      2020                                                                                                                                                                                                                                                                                                  
      2222                                                                                                                                                                                                                                                                                                  
      3333                                                                                                                                                                                                                                                                                                  
      4444                                                                                                                                                                                                                                                                                                  
      6666                                                                                                                                                                                                                                                                                                  

8 rows selected.

SQL> L1
  1* SELECT DNI
SQL> C/SELECT DNI/SELECT DNI, FI
  1* SELECT DNI, FI
SQL> /

       DNI FI                                                                                                                                                                                                                                                                                               
---------- ---------                                                                                                                                                                                                                                                                                        
      1010 01-SEP-05                                                                                                                                                                                                                                                                                        
      1010 01-SEP-08                                                                                                                                                                                                                                                                                        
      1111 01-SEP-07                                                                                                                                                                                                                                                                                        
      2020 01-SEP-08                                                                                                                                                                                                                                                                                        
      2222 01-SEP-06                                                                                                                                                                                                                                                                                        
      3333 01-SEP-08                                                                                                                                                                                                                                                                                        
      4444 01-SEP-08                                                                                                                                                                                                                                                                                        
      6666 01-SEP-08                                                                                                                                                                                                                                                                                        

8 rows selected.

SQL> SELECT A
  2  FROM ASIGNATURA
  3  WHERE CAS = (3,5,8);
WHERE CAS = (3,5,8)
          *
ERROR at line 3:
ORA-01797: this operator must be followed by ANY or ALL 


SQL> SELECT A
  2  FROM ASIGNATURA
  3  WHERE CAS = 3,5,8;
WHERE CAS = 3,5,8
             *
ERROR at line 3:
ORA-00933: SQL command not properly ended 


SQL> SELECT A
  2  FROM ASIGNATURA
  3  WHERE CAS IN (3,5,8);

A                                                                                                                                                                                                                                                                                                           
--------------------------------------------------                                                                                                                                                                                                                                                          
ALMACENES DE DATOS                                                                                                                                                                                                                                                                                          
INFORMATICA BASICA                                                                                                                                                                                                                                                                                          
OPTMIZACION                                                                                                                                                                                                                                                                                                 

SQL> L
  1  SELECT A
  2  FROM ASIGNATURA
  3* WHERE CAS IN (3,5,8)
SQL> C/IN/NOT IN
  3* WHERE CAS NOT IN (3,5,8)
SQL> /

A                                                                                                                                                                                                                                                                                                           
--------------------------------------------------                                                                                                                                                                                                                                                          
BASES DE DATOS                                                                                                                                                                                                                                                                                              
INTELIGENCIA ARTIFICIAL                                                                                                                                                                                                                                                                                     
MINERIA DE DATOS                                                                                                                                                                                                                                                                                            
ALGEBRA                                                                                                                                                                                                                                                                                                     
CALCULO                                                                                                                                                                                                                                                                                                     
GESTION DE RIESGOS                                                                                                                                                                                                                                                                                          
ASTRONOMIA                                                                                                                                                                                                                                                                                                  
ENSENANZA DE LA MATEMATICA                                                                                                                                                                                                                                                                                  
ANALISIS COMPLEJO                                                                                                                                                                                                                                                                                           

9 rows selected.

SQL> SELECT DNI
  2  FROM PROFESOR
  3  WHERE DNI IN(3000..7000);
WHERE DNI IN(3000..7000)
                  *
ERROR at line 3:
ORA-00907: missing right parenthesis 


SQL> SELECT DNI
  2  FROM PROFESOR
  3  WHERE DNI IN(3000...7000);
WHERE DNI IN(3000...7000)
                  *
ERROR at line 3:
ORA-00907: missing right parenthesis 


SQL> SELECT DNI
  2  FROM PROFESOR
  3  WHERE DNI IN ((3000...7000);
WHERE DNI IN ((3000...7000)
                    *
ERROR at line 3:
ORA-00907: missing right parenthesis 


SQL> SELECT DNI
  2  FROM PROFESOR
  3  WHERE DNI IN (3000...7000);
WHERE DNI IN (3000...7000)
                   *
ERROR at line 3:
ORA-00907: missing right parenthesis 


SQL> SELECT DNI
  2  FROM PROFESOR
  3  WHERE DNI IN (3000..7000);
WHERE DNI IN (3000..7000)
                   *
ERROR at line 3:
ORA-00907: missing right parenthesis 


SQL> SELECT DNI
  2  FROM PROFESOR
  3  WHERE DNI BETWEEN (3000..7000);
WHERE DNI BETWEEN (3000..7000)
                        *
ERROR at line 3:
ORA-00907: missing right parenthesis 


SQL> SELECT DNI
  2  FROM PROFESOR
  3  WHERE DNI BETWEEN (3000, 7000);
WHERE DNI BETWEEN (3000, 7000)
                       *
ERROR at line 3:
ORA-00907: missing right parenthesis 


SQL> SELECT DNI
  2  FROM PROFESOR
  3  WHERE DNI BETWEEN 3000 AND 7000;

       DNI                                                                                                                                                                                                                                                                                                  
----------                                                                                                                                                                                                                                                                                                  
      3030                                                                                                                                                                                                                                                                                                  
      3333                                                                                                                                                                                                                                                                                                  
      4444                                                                                                                                                                                                                                                                                                  
      5555                                                                                                                                                                                                                                                                                                  
      6666                                                                                                                                                                                                                                                                                                  

SQL> C/BETWEEN/NOT BETWEEN
  3* WHERE DNI NOT BETWEEN 3000 AND 7000
SQL> /

       DNI                                                                                                                                                                                                                                                                                                  
----------                                                                                                                                                                                                                                                                                                  
      1010                                                                                                                                                                                                                                                                                                  
      1111                                                                                                                                                                                                                                                                                                  
      2020                                                                                                                                                                                                                                                                                                  
      2222                                                                                                                                                                                                                                                                                                  
      7777                                                                                                                                                                                                                                                                                                  
      8888                                                                                                                                                                                                                                                                                                  
      9999                                                                                                                                                                                                                                                                                                  

7 rows selected.

SQL> SELECT CAS
  2  FROM PLAN_DOCENTE
  3  WHERE DNI = 1111 AND FF ='NULL';
WHERE DNI = 1111 AND FF ='NULL'
                         *
ERROR at line 3:
ORA-01858: a non-numeric character was found where a numeric was expected 


SQL> SELECT CAS
  2  FROM PLAN_DOCENTE
  3  WHERE DNI = 1111 AND FF = NULL;

no rows selected

SQL> SPOOL
currently spooling to P4_DEF.lst
SQL> SELEC CAS
SP2-0042: unknown command "SELEC CAS" - rest of line ignored.
SQL> SELECT CAS
  2  FROM PLAN_DOCENTE
  3  WHERE DNI = 1111;

       CAS                                                                                                                                                                                                                                                                                                  
----------                                                                                                                                                                                                                                                                                                  
         8                                                                                                                                                                                                                                                                                                  
         8                                                                                                                                                                                                                                                                                                  

SQL> L1
  1* SELECT CAS
SQL> C/CAS/CAS, FF
  1* SELECT CAS, FF
SQL> /

       CAS FF                                                                                                                                                                                                                                                                                               
---------- ---------                                                                                                                                                                                                                                                                                        
         8 31-AUG-09                                                                                                                                                                                                                                                                                        
         8                                                                                                                                                                                                                                                                                                  

SQL> L
  1  SELECT CAS, FF
  2  FROM PLAN_DOCENTE
  3* WHERE DNI = 1111
SQL> C/1111/1111 AND FF = NULL;
  3* WHERE DNI = 1111 AND FF = NULL
SQL> /

no rows selected

SQL> SPOOL OFF
